
Discarded input sections

 .comment       0x0000000000000000       0x2a ./build/boot.o
 .eh_frame      0x0000000000000000       0xa0 ./build/boot.o
 .comment       0x0000000000000000       0x2a ./build/main.o
 .eh_frame      0x0000000000000000       0x34 ./build/main.o

Memory Configuration

Name             Origin             Length             Attributes
*default*        0x0000000000000000 0xffffffffffffffff

Linker script and memory map

                0x0000000000100000                . = 0x100000
                [!provide]                        PROVIDE (_start = .)

.text.init      0x0000000000100000     0x1000
 *(.text.init)
 .text.init     0x0000000000100000       0x35 ./build/grub_head.o
                0x000000000010000c                start
                0x000000000010002d                flush
 .text.init     0x0000000000100035      0x304 ./build/boot.o
                0x0000000000100310                kern_entry
                0x0000000000101000                . = ALIGN (0x1000)
 *fill*         0x0000000000100339      0xcc7 

.data.init      0x0000000000101000     0xc000
 *(.datat.init)
                0x0000000000102000                . = ALIGN (0x2000)
 *fill*         0x0000000000101000     0x1000 
 .data.init     0x0000000000102000     0x8000 ./build/grub_head.o
                0x0000000000102000                stack_start
 .data.init     0x000000000010a000     0x3000 ./build/boot.o
                0x000000000010a000                global_multiboot_info
                0x000000000010b000                pgd
                0x000000000010c000                pte
                0x00000000c010d000                . = (. + 0xc0000000)

.text           0x00000000c010d000     0x1000 load address 0x000000000010d000
 *(.text)
 .text          0x00000000c010d000        0x0 ./build/grub_head.o
 .text          0x00000000c010d000        0x0 ./build/boot.o
 .text          0x00000000c010d000      0x172 ./build/main.o
                0x00000000c010d000                start_kernel
                0x00000000c010e000                . = ALIGN (0x1000)
 *fill*         0x00000000c010d172      0xe8e 

.iplt           0x00000000c010e000        0x0 load address 0x000000000010e000
 .iplt          0x00000000c010e000        0x0 ./build/grub_head.o

.rel.dyn        0x00000000c010e000        0x0 load address 0x000000000010e000
 .rel.got       0x00000000c010e000        0x0 ./build/grub_head.o
 .rel.iplt      0x00000000c010e000        0x0 ./build/grub_head.o

.data           0x00000000c010e000        0x0 load address 0x000000000010d000
 *(.data)
 .data          0x00000000c010e000        0x0 ./build/grub_head.o
 .data          0x00000000c010e000        0x0 ./build/boot.o
 .data          0x00000000c010e000        0x0 ./build/main.o
 *(.rodata)
                0x00000000c010e000                . = ALIGN (0x2000)

.got            0x00000000c010e000        0x0 load address 0x000000000010d000
 .got           0x00000000c010e000        0x0 ./build/grub_head.o

.got.plt        0x00000000c010e000        0x0 load address 0x000000000010d000
 .got.plt       0x00000000c010e000        0x0 ./build/grub_head.o

.igot.plt       0x00000000c010e000        0x0 load address 0x000000000010d000
 .igot.plt      0x00000000c010e000        0x0 ./build/grub_head.o

.bss            0x00000000c010e000        0x0 load address 0x000000000010e000
 *(.bss)
 .bss           0x00000000c010e000        0x0 ./build/grub_head.o
 .bss           0x00000000c010e000        0x0 ./build/boot.o
 .bss           0x00000000c010e000        0x0 ./build/main.o
                0x00000000c010e000                . = ALIGN (0x1000)

.stab           0x00000000c010e000        0x0 load address 0x000000000010e000
 *(.stab)
                0x00000000c010e000                . = ALIGN (0x2000)

.data.init_task
                0x00000000c010e000        0x0 load address 0x000000000010e000
 *(.data.init_task)
                0x00000000c010e000                . = ALIGN (0x2000)
                [!provide]                        PROVIDE (__initcall_start = .)

.initcall.init  0x00000000c010e000        0x0 load address 0x000000000010e000
 *(.initcall.init)
                [!provide]                        PROVIDE (__initcall_end = .)
                0x00000000c010e000                . = ALIGN (0x2000)
                0x00000000c0110000                . = (. + 0x2000)

.stabstr        0x00000000c0110000        0x0 load address 0x0000000000110000
 *(.stabstr)
                0x00000000c0110000                . = ALIGN (0x1000)
                [!provide]                        PROVIDE (_end = .)

/DISCARD/
 *(.comment)
 *(.eh_frame)
LOAD ./build/grub_head.o
LOAD ./build/boot.o
LOAD ./build/main.o
OUTPUT(build/kernel.bin elf32-i386)

.debug_line     0x0000000000000000      0x1e9
 .debug_line    0x0000000000000000       0x45 ./build/grub_head.o
 .debug_line    0x0000000000000045      0x122 ./build/boot.o
 .debug_line    0x0000000000000167       0x82 ./build/main.o

.debug_info     0x0000000000000000      0x505
 .debug_info    0x0000000000000000       0x26 ./build/grub_head.o
 .debug_info    0x0000000000000026      0x439 ./build/boot.o
 .debug_info    0x000000000000045f       0xa6 ./build/main.o

.debug_abbrev   0x0000000000000000      0x1e8
 .debug_abbrev  0x0000000000000000       0x14 ./build/grub_head.o
 .debug_abbrev  0x0000000000000014      0x16b ./build/boot.o
 .debug_abbrev  0x000000000000017f       0x69 ./build/main.o

.debug_aranges  0x0000000000000000       0x78
 .debug_aranges
                0x0000000000000000       0x20 ./build/grub_head.o
 .debug_aranges
                0x0000000000000020       0x38 ./build/boot.o
 .debug_aranges
                0x0000000000000058       0x20 ./build/main.o

.debug_str      0x0000000000000000      0x378
 .debug_str     0x0000000000000000       0x2e ./build/grub_head.o
 .debug_str     0x000000000000002e      0x314 ./build/boot.o
                                        0x389 (size before relaxing)
 .debug_str     0x0000000000000342       0x36 ./build/main.o
                                        0x10a (size before relaxing)

.debug_loc      0x0000000000000000      0x10c
 .debug_loc     0x0000000000000000       0xe0 ./build/boot.o
 .debug_loc     0x00000000000000e0       0x2c ./build/main.o

.debug_ranges   0x0000000000000000       0x28
 .debug_ranges  0x0000000000000000       0x28 ./build/boot.o

.note.GNU-stack
                0x0000000000000000        0x0
 .note.GNU-stack
                0x0000000000000000        0x0 ./build/boot.o
 .note.GNU-stack
                0x0000000000000000        0x0 ./build/main.o
