
Allocating common symbols
Common symbol       size              file

bios_tmp            0x284             build/setup.o
mmu_cr4_features    0x4               build/setup.o
max_pfn             0x4               build/bootmem.o
max_low_pfn         0x4               build/bootmem.o
empty_zero_page     0x1000            build/boot.o
swapper_pg_dir      0x1000            build/init.o
pgdat_list          0x4               build/page_alloc.o
zone_table          0xc               build/page_alloc.o
min_low_pfn         0x4               build/bootmem.o
e820                0x284             build/setup.o
kern_stack_top      0x4               build/boot.o
highend_pfn         0x4               build/init.o
mem_map             0x4               build/memory.o

Discarded input sections

 .comment       0x0000000000000000       0x2a build/boot.o
 .eh_frame      0x0000000000000000       0xa0 build/boot.o
 .comment       0x0000000000000000       0x2a build/main.o
 .eh_frame      0x0000000000000000       0x34 build/main.o
 .comment       0x0000000000000000       0x2a build/panic.o
 .comment       0x0000000000000000       0x2a build/printk.o
 .eh_frame      0x0000000000000000       0x38 build/printk.o
 .comment       0x0000000000000000       0x2a build/console.o
 .eh_frame      0x0000000000000000      0x198 build/console.o
 .comment       0x0000000000000000       0x2a build/ctype.o
 .comment       0x0000000000000000       0x2a build/string.o
 .eh_frame      0x0000000000000000      0x198 build/string.o
 .comment       0x0000000000000000       0x2a build/debug.o
 .eh_frame      0x0000000000000000       0x38 build/debug.o
 .comment       0x0000000000000000       0x2a build/vsprintf.o
 .eh_frame      0x0000000000000000      0x16c build/vsprintf.o
 .comment       0x0000000000000000       0x2a build/numa.o
 .comment       0x0000000000000000       0x2a build/bootmem.o
 .eh_frame      0x0000000000000000      0x1b8 build/bootmem.o
 .comment       0x0000000000000000       0x2a build/page_alloc.o
 .eh_frame      0x0000000000000000       0xbc build/page_alloc.o
 .comment       0x0000000000000000       0x2a build/memory.o
 .comment       0x0000000000000000       0x2a build/setup.o
 .eh_frame      0x0000000000000000      0x1c0 build/setup.o
 .comment       0x0000000000000000       0x2a build/init_task.o
 .comment       0x0000000000000000       0x2a build/init.o
 .eh_frame      0x0000000000000000       0xd8 build/init.o

Memory Configuration

Name             Origin             Length             Attributes
*default*        0x0000000000000000 0xffffffffffffffff

Linker script and memory map

                0x0000000000100000                . = 0x100000
                0x0000000000100000                PROVIDE (_start = .)

.text.init      0x0000000000100000     0x3000
 *(.text.init)
 .text.init     0x0000000000100000       0x2d build/grub_head.o
                0x000000000010000c                start
                0x0000000000100025                flush
 .text.init     0x000000000010002d      0x2f7 build/boot.o
                0x00000000001002fb                kern_entry
 .text.init     0x0000000000100324      0x842 build/bootmem.o
                0x0000000000100324                init_bootmem
                0x0000000000100351                free_bootmem
                0x0000000000100370                reserve_bootmem
                0x0000000000100390                __alloc_bootmem
                0x0000000000100405                __alloc_bootmem_node
 .text.init     0x0000000000100b66      0x52f build/page_alloc.o
                0x0000000000100b66                free_area_init
                0x0000000000100b8f                free_area_init_core
 .text.init     0x0000000000101095      0xe65 build/setup.o
                0x0000000000101e8e                setup_arch
 .text.init     0x0000000000101efa      0x2eb build/init.o
                0x0000000000103000                . = ALIGN (0x1000)
 *fill*         0x00000000001021e5      0xe1b 

.data.init      0x0000000000103000    0x9b000
 *(.data.init)
 .data.init     0x0000000000103000    0x96000 build/grub_head.o
 .data.init     0x0000000000199000     0x3000 build/boot.o
                0x0000000000199000                global_multiboot_info
                0x000000000019a000                pgd
                0x000000000019b000                pte
 .data.init     0x000000000019c000       0x24 build/page_alloc.o
 .data.init     0x000000000019c024        0x4 build/setup.o
                0x000000000019e000                . = ALIGN (0x2000)
 *fill*         0x000000000019c028     0x1fd8 
                0x00000000c019e000                . = (. + 0xc0000000)

.text           0x00000000c019e000     0x2000 load address 0x000000000019e000
 *(.text)
 .text          0x00000000c019e000        0x0 build/boot.o
 .text          0x00000000c019e000       0x1d build/main.o
                0x00000000c019e000                start_kernel
 .text          0x00000000c019e01d        0x0 build/panic.o
 .text          0x00000000c019e01d       0x44 build/printk.o
                0x00000000c019e01d                printk
 .text          0x00000000c019e061      0x442 build/console.o
                0x00000000c019e080                print_char
                0x00000000c019e18f                print_str
                0x00000000c019e1bd                print_int
                0x00000000c019e1fc                print_hex
                0x00000000c019e24b                set_cursor
                0x00000000c019e2c7                flush_screen
                0x00000000c019e2f5                scroll_screen
                0x00000000c019e42f                console_clear
                0x00000000c019e491                console_write
                0x00000000c019e497                console_write_with_color
                0x00000000c019e49d                console_with_hex
 .text          0x00000000c019e4a3        0x0 build/ctype.o
 .text          0x00000000c019e4a3      0x3ae build/string.o
                0x00000000c019e4a3                itoa
                0x00000000c019e55a                uitoa
                0x00000000c019e616                strlen
                0x00000000c019e63e                strnlen
                0x00000000c019e673                strcpy
                0x00000000c019e6a3                strcat
                0x00000000c019e6e3                strcmp
                0x00000000c019e722                strchr
                0x00000000c019e74f                strrchr
                0x00000000c019e78f                memset
                0x00000000c019e7bd                memcpy
                0x00000000c019e7fa                memcmp
 .text          0x00000000c019e851       0x63 build/debug.o
                0x00000000c019e851                panic
 .text          0x00000000c019e8b4      0xb0e build/vsprintf.o
                0x00000000c019ec39                simple_strtol
                0x00000000c019ec7b                simple_strtoul
                0x00000000c019ed6b                printf
                0x00000000c019edb9                sprintf
                0x00000000c019ede9                snprintf
                0x00000000c019ee19                vsprintf
                0x00000000c019ee34                vsnprintf
 .text          0x00000000c019f3c2        0x0 build/numa.o
 .text          0x00000000c019f3c2       0x58 build/bootmem.o
 .text          0x00000000c019f41a      0x19a build/page_alloc.o
 .text          0x00000000c019f5b4        0x0 build/memory.o
 .text          0x00000000c019f5b4       0x9e build/setup.o
                0x00000000c019f5b4                show_memory_map
 .text          0x00000000c019f652        0x0 build/init_task.o
 .text          0x00000000c019f652       0x8e build/init.o
                0x00000000c019f667                paging_init
                0x00000000c01a0000                . = ALIGN (0x1000)
 *fill*         0x00000000c019f6e0      0x920 

.iplt           0x00000000c01a0000        0x0 load address 0x00000000001a0000
 .iplt          0x00000000c01a0000        0x0 build/grub_head.o

.rel.dyn        0x00000000c01a0000        0x0 load address 0x00000000001a0000
 .rel.got       0x00000000c01a0000        0x0 build/grub_head.o
 .rel.iplt      0x00000000c01a0000        0x0 build/grub_head.o
 .rel.text.init
                0x00000000c01a0000        0x0 build/grub_head.o
 .rel.text      0x00000000c01a0000        0x0 build/grub_head.o

.data           0x00000000c01a0000     0x2000 load address 0x00000000001a0000
 *(.data)
 .data          0x00000000c01a0000        0x0 build/boot.o
 .data          0x00000000c01a0000        0x0 build/main.o
 .data          0x00000000c01a0000        0x0 build/panic.o
 .data          0x00000000c01a0000        0x4 build/printk.o
 .data          0x00000000c01a0004        0x4 build/console.o
 *fill*         0x00000000c01a0008       0x18 
 .data          0x00000000c01a0020      0x100 build/ctype.o
                0x00000000c01a0020                _ctype
 .data          0x00000000c01a0120        0x0 build/string.o
 .data          0x00000000c01a0120        0x0 build/debug.o
 .data          0x00000000c01a0120        0x0 build/vsprintf.o
 .data          0x00000000c01a0120      0x328 build/numa.o
                0x00000000c01a0120                contig_page_data
 .data          0x00000000c01a0448        0x0 build/bootmem.o
 .data          0x00000000c01a0448        0xc build/page_alloc.o
 .data          0x00000000c01a0454        0x0 build/memory.o
 *fill*         0x00000000c01a0454        0xc 
 .data          0x00000000c01a0460       0x90 build/setup.o
                0x00000000c01a0460                boot_cpu_data
 .data          0x00000000c01a04f0        0x0 build/init_task.o
 .data          0x00000000c01a04f0        0x0 build/init.o
 *(.rodata)
 .rodata        0x00000000c01a04f0        0xe build/main.o
 .rodata        0x00000000c01a04fe        0x3 build/console.o
 .rodata        0x00000000c01a0501       0x34 build/debug.o
 *fill*         0x00000000c01a0535        0xb 
 .rodata        0x00000000c01a0540      0x205 build/vsprintf.o
 *fill*         0x00000000c01a0745        0x3 
 .rodata        0x00000000c01a0748      0x118 build/bootmem.o
 .rodata        0x00000000c01a0860       0x96 build/page_alloc.o
 *fill*         0x00000000c01a08f6        0x2 
 .rodata        0x00000000c01a08f8      0x22d build/setup.o
 *fill*         0x00000000c01a0b25        0x3 
 .rodata        0x00000000c01a0b28       0xdf build/init.o
                0x00000000c01a2000                . = ALIGN (0x2000)
 *fill*         0x00000000c01a0c07     0x13f9 

.got            0x00000000c01a2000        0x0 load address 0x00000000001a2000
 .got           0x00000000c01a2000        0x0 build/grub_head.o

.got.plt        0x00000000c01a2000        0x0 load address 0x00000000001a2000
 .got.plt       0x00000000c01a2000        0x0 build/grub_head.o

.igot.plt       0x00000000c01a2000        0x0 load address 0x00000000001a2000
 .igot.plt      0x00000000c01a2000        0x0 build/grub_head.o

.bss            0x00000000c01a2000     0x4004 load address 0x00000000001a2000
 *(.bss)
 .bss           0x00000000c01a2000        0x0 build/boot.o
 .bss           0x00000000c01a2000        0x0 build/main.o
 .bss           0x00000000c01a2000        0x0 build/panic.o
 .bss           0x00000000c01a2000      0x400 build/printk.o
 .bss           0x00000000c01a2400        0x4 build/console.o
                0x00000000c01a2400                cursor_x
                0x00000000c01a2402                cursor_y
 .bss           0x00000000c01a2404        0x0 build/ctype.o
 .bss           0x00000000c01a2404        0x0 build/string.o
 *fill*         0x00000000c01a2404       0x1c 
 .bss           0x00000000c01a2420      0x400 build/debug.o
 .bss           0x00000000c01a2820        0x0 build/vsprintf.o
 .bss           0x00000000c01a2820       0x14 build/numa.o
 .bss           0x00000000c01a2834        0x0 build/bootmem.o
 .bss           0x00000000c01a2834        0x0 build/page_alloc.o
 .bss           0x00000000c01a2834        0x0 build/memory.o
 .bss           0x00000000c01a2834        0x0 build/setup.o
 .bss           0x00000000c01a2834        0x0 build/init_task.o
 .bss           0x00000000c01a2834        0x0 build/init.o
                0x00000000c01a3000                . = ALIGN (0x1000)
 *fill*         0x00000000c01a2834      0x7cc 
 COMMON         0x00000000c01a3000     0x1004 build/boot.o
                0x00000000c01a3000                empty_zero_page
                0x00000000c01a4000                kern_stack_top
 COMMON         0x00000000c01a4004        0xc build/bootmem.o
                0x00000000c01a4004                max_pfn
                0x00000000c01a4008                max_low_pfn
                0x00000000c01a400c                min_low_pfn
 COMMON         0x00000000c01a4010       0x10 build/page_alloc.o
                0x00000000c01a4010                pgdat_list
                0x00000000c01a4014                zone_table
 COMMON         0x00000000c01a4020        0x4 build/memory.o
                0x00000000c01a4020                mem_map
 *fill*         0x00000000c01a4024       0x1c 
 COMMON         0x00000000c01a4040      0x524 build/setup.o
                0x00000000c01a4040                bios_tmp
                0x00000000c01a42c4                mmu_cr4_features
                0x00000000c01a42e0                e820
 *fill*         0x00000000c01a4564      0xa9c 
 COMMON         0x00000000c01a5000     0x1004 build/init.o
                0x00000000c01a5000                swapper_pg_dir
                0x00000000c01a6000                highend_pfn

.stab           0x00000000c01a6004     0x1ffc load address 0x00000000001a6004
 *(.stab)
 .stab          0x00000000c01a6004        0xc build/grub_head.o
                0x00000000c01a8000                . = ALIGN (0x2000)
 *fill*         0x00000000c01a6010     0x1ff0 

.data.init_task
                0x00000000c01a8000        0x0 load address 0x00000000001a8000
 *(.data.init_task)
                0x00000000c01a8000                . = ALIGN (0x2000)
                [!provide]                        PROVIDE (__initcall_start = .)

.initcall.init  0x00000000c01a8000        0x0 load address 0x00000000001a8000
 *(.initcall.init)
                [!provide]                        PROVIDE (__initcall_end = .)
                0x00000000c01a8000                . = ALIGN (0x2000)
                0x00000000c01aa000                . = (. + 0x2000)

.stabstr        0x00000000c01aa000     0x1000 load address 0x00000000001aa000
 *(.stabstr)
 .stabstr       0x00000000c01aa000        0x1 build/grub_head.o
                0x00000000c01ab000                . = ALIGN (0x1000)
 *fill*         0x00000000c01aa001      0xfff 
                0x00000000c01ab000                PROVIDE (_end = .)

/DISCARD/
 *(.comment)
 *(.eh_frame)
LOAD build/grub_head.o
LOAD build/boot.o
LOAD build/main.o
LOAD build/panic.o
LOAD build/printk.o
LOAD build/console.o
LOAD build/ctype.o
LOAD build/string.o
LOAD build/debug.o
LOAD build/vsprintf.o
LOAD build/numa.o
LOAD build/bootmem.o
LOAD build/page_alloc.o
LOAD build/memory.o
LOAD build/setup.o
LOAD build/init_task.o
LOAD build/init.o
OUTPUT(build/kernel.bin elf32-i386)

.debug_info     0x0000000000000000     0x4373
 .debug_info    0x0000000000000000      0x485 build/boot.o
 .debug_info    0x0000000000000485       0x84 build/main.o
 .debug_info    0x0000000000000509       0x56 build/panic.o
 .debug_info    0x000000000000055f      0x12a build/printk.o
 .debug_info    0x0000000000000689      0x3e2 build/console.o
 .debug_info    0x0000000000000a6b       0x51 build/ctype.o
 .debug_info    0x0000000000000abc      0x48d build/string.o
 .debug_info    0x0000000000000f49       0xd0 build/debug.o
 .debug_info    0x0000000000001019      0x5d0 build/vsprintf.o
 .debug_info    0x00000000000015e9      0x3bd build/numa.o
 .debug_info    0x00000000000019a6      0xa53 build/bootmem.o
 .debug_info    0x00000000000023f9      0x79e build/page_alloc.o
 .debug_info    0x0000000000002b97      0x191 build/memory.o
 .debug_info    0x0000000000002d28      0xd14 build/setup.o
 .debug_info    0x0000000000003a3c      0x937 build/init.o

.debug_abbrev   0x0000000000000000      0xf81
 .debug_abbrev  0x0000000000000000      0x18e build/boot.o
 .debug_abbrev  0x000000000000018e       0x58 build/main.o
 .debug_abbrev  0x00000000000001e6       0x26 build/panic.o
 .debug_abbrev  0x000000000000020c       0xbd build/printk.o
 .debug_abbrev  0x00000000000002c9      0x133 build/console.o
 .debug_abbrev  0x00000000000003fc       0x47 build/ctype.o
 .debug_abbrev  0x0000000000000443       0xe1 build/string.o
 .debug_abbrev  0x0000000000000524       0x98 build/debug.o
 .debug_abbrev  0x00000000000005bc      0x137 build/vsprintf.o
 .debug_abbrev  0x00000000000006f3       0xc7 build/numa.o
 .debug_abbrev  0x00000000000007ba      0x1c1 build/bootmem.o
 .debug_abbrev  0x000000000000097b      0x180 build/page_alloc.o
 .debug_abbrev  0x0000000000000afb       0xab build/memory.o
 .debug_abbrev  0x0000000000000ba6      0x231 build/setup.o
 .debug_abbrev  0x0000000000000dd7      0x1aa build/init.o

.debug_loc      0x0000000000000000     0x10c0
 .debug_loc     0x0000000000000000       0xe0 build/boot.o
 .debug_loc     0x00000000000000e0       0x2c build/main.o
 .debug_loc     0x000000000000010c       0x38 build/printk.o
 .debug_loc     0x0000000000000144      0x2a0 build/console.o
 .debug_loc     0x00000000000003e4      0x2a0 build/string.o
 .debug_loc     0x0000000000000684       0x38 build/debug.o
 .debug_loc     0x00000000000006bc      0x230 build/vsprintf.o
 .debug_loc     0x00000000000008ec      0x2d8 build/bootmem.o
 .debug_loc     0x0000000000000bc4      0x118 build/page_alloc.o
 .debug_loc     0x0000000000000cdc      0x294 build/setup.o
 .debug_loc     0x0000000000000f70      0x150 build/init.o

.debug_aranges  0x0000000000000000      0x2a0
 .debug_aranges
                0x0000000000000000       0x38 build/boot.o
 .debug_aranges
                0x0000000000000038       0x20 build/main.o
 .debug_aranges
                0x0000000000000058       0x18 build/panic.o
 .debug_aranges
                0x0000000000000070       0x20 build/printk.o
 .debug_aranges
                0x0000000000000090       0x20 build/console.o
 .debug_aranges
                0x00000000000000b0       0x18 build/ctype.o
 .debug_aranges
                0x00000000000000c8       0x20 build/string.o
 .debug_aranges
                0x00000000000000e8       0x20 build/debug.o
 .debug_aranges
                0x0000000000000108       0x20 build/vsprintf.o
 .debug_aranges
                0x0000000000000128       0x18 build/numa.o
 .debug_aranges
                0x0000000000000140       0x68 build/bootmem.o
 .debug_aranges
                0x00000000000001a8       0x30 build/page_alloc.o
 .debug_aranges
                0x00000000000001d8       0x18 build/memory.o
 .debug_aranges
                0x00000000000001f0       0x78 build/setup.o
 .debug_aranges
                0x0000000000000268       0x38 build/init.o

.debug_ranges   0x0000000000000000      0x148
 .debug_ranges  0x0000000000000000       0x28 build/boot.o
 .debug_ranges  0x0000000000000028       0x70 build/bootmem.o
 .debug_ranges  0x0000000000000098       0x20 build/page_alloc.o
 .debug_ranges  0x00000000000000b8       0x68 build/setup.o
 .debug_ranges  0x0000000000000120       0x28 build/init.o

.debug_line     0x0000000000000000     0x10e7
 .debug_line    0x0000000000000000      0x108 build/boot.o
 .debug_line    0x0000000000000108       0x40 build/main.o
 .debug_line    0x0000000000000148       0x1d build/panic.o
 .debug_line    0x0000000000000165       0x7f build/printk.o
 .debug_line    0x00000000000001e4      0x163 build/console.o
 .debug_line    0x0000000000000347       0x47 build/ctype.o
 .debug_line    0x000000000000038e      0x11d build/string.o
 .debug_line    0x00000000000004ab       0x42 build/debug.o
 .debug_line    0x00000000000004ed      0x261 build/vsprintf.o
 .debug_line    0x000000000000074e       0x5d build/numa.o
 .debug_line    0x00000000000007ab      0x24d build/bootmem.o
 .debug_line    0x00000000000009f8      0x1d3 build/page_alloc.o
 .debug_line    0x0000000000000bcb       0x6d build/memory.o
 .debug_line    0x0000000000000c38      0x2e8 build/setup.o
 .debug_line    0x0000000000000f20        0x0 build/init_task.o
 .debug_line    0x0000000000000f20      0x1c7 build/init.o

.debug_str      0x0000000000000000     0x1044
 .debug_str     0x0000000000000000      0x342 build/boot.o
                                        0x3a6 (size before relaxing)
 .debug_str     0x0000000000000342       0x17 build/main.o
                                        0x101 (size before relaxing)
 .debug_str     0x0000000000000359        0xf build/panic.o
                                         0xec (size before relaxing)
 .debug_str     0x0000000000000368       0x40 build/printk.o
                                        0x13a (size before relaxing)
 .debug_str     0x00000000000003a8      0x1c2 build/console.o
                                        0x2e9 (size before relaxing)
 .debug_str     0x000000000000056a       0x13 build/ctype.o
                                         0xa2 (size before relaxing)
 .debug_str     0x000000000000057d       0x89 build/string.o
                                        0x182 (size before relaxing)
 .debug_str     0x0000000000000606       0x12 build/debug.o
                                         0xf9 (size before relaxing)
 .debug_str     0x0000000000000618       0xcd build/vsprintf.o
                                        0x218 (size before relaxing)
 .debug_str     0x00000000000006e5      0x234 build/numa.o
                                        0x363 (size before relaxing)
 .debug_str     0x0000000000000919      0x26c build/bootmem.o
                                        0x5cf (size before relaxing)
 .debug_str     0x0000000000000b85      0x14d build/page_alloc.o
                                        0x4d4 (size before relaxing)
 .debug_str     0x0000000000000cd2        0xc build/memory.o
                                        0x17c (size before relaxing)
 .debug_str     0x0000000000000cde      0x286 build/setup.o
                                        0x85c (size before relaxing)
 .debug_str     0x0000000000000f64       0x1d build/init_task.o
                                         0x91 (size before relaxing)
 .debug_str     0x0000000000000f81       0xc3 build/init.o
                                        0x59d (size before relaxing)

.note.GNU-stack
                0x0000000000000000        0x0
 .note.GNU-stack
                0x0000000000000000        0x0 build/boot.o
 .note.GNU-stack
                0x0000000000000000        0x0 build/main.o
 .note.GNU-stack
                0x0000000000000000        0x0 build/panic.o
 .note.GNU-stack
                0x0000000000000000        0x0 build/printk.o
 .note.GNU-stack
                0x0000000000000000        0x0 build/console.o
 .note.GNU-stack
                0x0000000000000000        0x0 build/ctype.o
 .note.GNU-stack
                0x0000000000000000        0x0 build/string.o
 .note.GNU-stack
                0x0000000000000000        0x0 build/debug.o
 .note.GNU-stack
                0x0000000000000000        0x0 build/vsprintf.o
 .note.GNU-stack
                0x0000000000000000        0x0 build/numa.o
 .note.GNU-stack
                0x0000000000000000        0x0 build/bootmem.o
 .note.GNU-stack
                0x0000000000000000        0x0 build/page_alloc.o
 .note.GNU-stack
                0x0000000000000000        0x0 build/memory.o
 .note.GNU-stack
                0x0000000000000000        0x0 build/setup.o
 .note.GNU-stack
                0x0000000000000000        0x0 build/init_task.o
 .note.GNU-stack
                0x0000000000000000        0x0 build/init.o
